Analysis & Synthesis report for Clock_Top
Tue Sep 22 20:18:39 2020
Quartus Prime Version 20.1.0 Build 711 06/05/2020 SJ Lite Edition


---------------------
; Table of Contents ;
---------------------
  1. Legal Notice
  2. Analysis & Synthesis Summary
  3. Analysis & Synthesis Settings
  4. Parallel Compilation
  5. Analysis & Synthesis Source Files Read
  6. Analysis & Synthesis Resource Usage Summary
  7. Analysis & Synthesis Resource Utilization by Entity
  8. State Machine - |Clock_Top|ClkState
  9. Registers Removed During Synthesis
 10. General Register Statistics
 11. Inverted Register Statistics
 12. Multiplexer Restructuring Statistics (Restructuring Performed)
 13. Parameter Settings for User Entity Instance: Top-level Entity: |Clock_Top
 14. Parameter Settings for User Entity Instance: ClockDivide:CD0
 15. Parameter Settings for User Entity Instance: Debounce:D0
 16. Parameter Settings for User Entity Instance: Debounce:D1
 17. Parameter Settings for Inferred Entity Instance: lpm_divide:Mod2
 18. Parameter Settings for Inferred Entity Instance: lpm_divide:Div2
 19. Parameter Settings for Inferred Entity Instance: lpm_divide:Mod1
 20. Parameter Settings for Inferred Entity Instance: lpm_divide:Div1
 21. Parameter Settings for Inferred Entity Instance: lpm_divide:Mod0
 22. Parameter Settings for Inferred Entity Instance: lpm_divide:Div0
 23. Parameter Settings for Inferred Entity Instance: lpm_divide:Mod5
 24. Parameter Settings for Inferred Entity Instance: lpm_divide:Mod4
 25. Parameter Settings for Inferred Entity Instance: lpm_divide:Mod3
 26. Port Connectivity Checks: "Debounce:D1"
 27. Port Connectivity Checks: "Debounce:D0"
 28. Port Connectivity Checks: "ClockDivide:CD0"
 29. Port Connectivity Checks: "bcd7seg:seg5"
 30. Port Connectivity Checks: "bcd7seg:seg3"
 31. Port Connectivity Checks: "bcd7seg:seg1"
 32. Port Connectivity Checks: "bcd7seg:seg0"
 33. Post-Synthesis Netlist Statistics for Top Partition
 34. Elapsed Time Per Partition
 35. Analysis & Synthesis Messages



----------------
; Legal Notice ;
----------------
Copyright (C) 2020  Intel Corporation. All rights reserved.
Your use of Intel Corporation's design tools, logic functions 
and other software and tools, and any partner logic 
functions, and any output files from any of the foregoing 
(including device programming or simulation files), and any 
associated documentation or information are expressly subject 
to the terms and conditions of the Intel Program License 
Subscription Agreement, the Intel Quartus Prime License Agreement,
the Intel FPGA IP License Agreement, or other applicable license
agreement, including, without limitation, that your use is for
the sole purpose of programming logic devices manufactured by
Intel and sold by Intel or its authorized distributors.  Please
refer to the applicable agreement for further details, at
https://fpgasoftware.intel.com/eula.



+----------------------------------------------------------------------------------+
; Analysis & Synthesis Summary                                                     ;
+------------------------------------+---------------------------------------------+
; Analysis & Synthesis Status        ; Successful - Tue Sep 22 20:18:39 2020       ;
; Quartus Prime Version              ; 20.1.0 Build 711 06/05/2020 SJ Lite Edition ;
; Revision Name                      ; Clock_Top                                   ;
; Top-level Entity Name              ; Clock_Top                                   ;
; Family                             ; MAX 10                                      ;
; Total logic elements               ; 552                                         ;
;     Total combinational functions  ; 514                                         ;
;     Dedicated logic registers      ; 138                                         ;
; Total registers                    ; 138                                         ;
; Total pins                         ; 71                                          ;
; Total virtual pins                 ; 0                                           ;
; Total memory bits                  ; 0                                           ;
; Embedded Multiplier 9-bit elements ; 0                                           ;
; Total PLLs                         ; 0                                           ;
; UFM blocks                         ; 0                                           ;
; ADC blocks                         ; 0                                           ;
+------------------------------------+---------------------------------------------+


+------------------------------------------------------------------------------------------------------------+
; Analysis & Synthesis Settings                                                                              ;
+------------------------------------------------------------------+--------------------+--------------------+
; Option                                                           ; Setting            ; Default Value      ;
+------------------------------------------------------------------+--------------------+--------------------+
; Device                                                           ; 10M50DAF484C7G     ;                    ;
; Top-level entity name                                            ; Clock_Top          ; Clock_Top          ;
; Family name                                                      ; MAX 10             ; Cyclone V          ;
; Use smart compilation                                            ; Off                ; Off                ;
; Enable parallel Assembler and Timing Analyzer during compilation ; On                 ; On                 ;
; Enable compact report table                                      ; Off                ; Off                ;
; Restructure Multiplexers                                         ; Auto               ; Auto               ;
; Create Debugging Nodes for IP Cores                              ; Off                ; Off                ;
; Preserve fewer node names                                        ; On                 ; On                 ;
; Intel FPGA IP Evaluation Mode                                    ; Enable             ; Enable             ;
; Verilog Version                                                  ; Verilog_2001       ; Verilog_2001       ;
; VHDL Version                                                     ; VHDL_1993          ; VHDL_1993          ;
; State Machine Processing                                         ; Auto               ; Auto               ;
; Safe State Machine                                               ; Off                ; Off                ;
; Extract Verilog State Machines                                   ; On                 ; On                 ;
; Extract VHDL State Machines                                      ; On                 ; On                 ;
; Ignore Verilog initial constructs                                ; Off                ; Off                ;
; Iteration limit for constant Verilog loops                       ; 5000               ; 5000               ;
; Iteration limit for non-constant Verilog loops                   ; 250                ; 250                ;
; Add Pass-Through Logic to Inferred RAMs                          ; On                 ; On                 ;
; Infer RAMs from Raw Logic                                        ; On                 ; On                 ;
; Parallel Synthesis                                               ; On                 ; On                 ;
; DSP Block Balancing                                              ; Auto               ; Auto               ;
; NOT Gate Push-Back                                               ; On                 ; On                 ;
; Power-Up Don't Care                                              ; On                 ; On                 ;
; Remove Redundant Logic Cells                                     ; Off                ; Off                ;
; Remove Duplicate Registers                                       ; On                 ; On                 ;
; Ignore CARRY Buffers                                             ; Off                ; Off                ;
; Ignore CASCADE Buffers                                           ; Off                ; Off                ;
; Ignore GLOBAL Buffers                                            ; Off                ; Off                ;
; Ignore ROW GLOBAL Buffers                                        ; Off                ; Off                ;
; Ignore LCELL Buffers                                             ; Off                ; Off                ;
; Ignore SOFT Buffers                                              ; On                 ; On                 ;
; Limit AHDL Integers to 32 Bits                                   ; Off                ; Off                ;
; Optimization Technique                                           ; Balanced           ; Balanced           ;
; Carry Chain Length                                               ; 70                 ; 70                 ;
; Auto Carry Chains                                                ; On                 ; On                 ;
; Auto Open-Drain Pins                                             ; On                 ; On                 ;
; Perform WYSIWYG Primitive Resynthesis                            ; Off                ; Off                ;
; Auto ROM Replacement                                             ; On                 ; On                 ;
; Auto RAM Replacement                                             ; On                 ; On                 ;
; Auto DSP Block Replacement                                       ; On                 ; On                 ;
; Auto Shift Register Replacement                                  ; Auto               ; Auto               ;
; Allow Shift Register Merging across Hierarchies                  ; Auto               ; Auto               ;
; Auto Clock Enable Replacement                                    ; On                 ; On                 ;
; Strict RAM Replacement                                           ; Off                ; Off                ;
; Allow Synchronous Control Signals                                ; On                 ; On                 ;
; Force Use of Synchronous Clear Signals                           ; Off                ; Off                ;
; Auto RAM Block Balancing                                         ; On                 ; On                 ;
; Auto RAM to Logic Cell Conversion                                ; Off                ; Off                ;
; Auto Resource Sharing                                            ; Off                ; Off                ;
; Allow Any RAM Size For Recognition                               ; Off                ; Off                ;
; Allow Any ROM Size For Recognition                               ; Off                ; Off                ;
; Allow Any Shift Register Size For Recognition                    ; Off                ; Off                ;
; Use LogicLock Constraints during Resource Balancing              ; On                 ; On                 ;
; Ignore translate_off and synthesis_off directives                ; Off                ; Off                ;
; Timing-Driven Synthesis                                          ; On                 ; On                 ;
; Report Parameter Settings                                        ; On                 ; On                 ;
; Report Source Assignments                                        ; On                 ; On                 ;
; Report Connectivity Checks                                       ; On                 ; On                 ;
; Ignore Maximum Fan-Out Assignments                               ; Off                ; Off                ;
; Synchronization Register Chain Length                            ; 2                  ; 2                  ;
; Power Optimization During Synthesis                              ; Normal compilation ; Normal compilation ;
; HDL message level                                                ; Level2             ; Level2             ;
; Suppress Register Optimization Related Messages                  ; Off                ; Off                ;
; Number of Removed Registers Reported in Synthesis Report         ; 5000               ; 5000               ;
; Number of Swept Nodes Reported in Synthesis Report               ; 5000               ; 5000               ;
; Number of Inverted Registers Reported in Synthesis Report        ; 100                ; 100                ;
; Clock MUX Protection                                             ; On                 ; On                 ;
; Auto Gated Clock Conversion                                      ; Off                ; Off                ;
; Block Design Naming                                              ; Auto               ; Auto               ;
; SDC constraint protection                                        ; Off                ; Off                ;
; Synthesis Effort                                                 ; Auto               ; Auto               ;
; Shift Register Replacement - Allow Asynchronous Clear Signal     ; On                 ; On                 ;
; Pre-Mapping Resynthesis Optimization                             ; Off                ; Off                ;
; Analysis & Synthesis Message Level                               ; Medium             ; Medium             ;
; Disable Register Merging Across Hierarchies                      ; Auto               ; Auto               ;
; Resource Aware Inference For Block RAM                           ; On                 ; On                 ;
+------------------------------------------------------------------+--------------------+--------------------+


+------------------------------------------+
; Parallel Compilation                     ;
+----------------------------+-------------+
; Processors                 ; Number      ;
+----------------------------+-------------+
; Number detected on machine ; 8           ;
; Maximum allowed            ; 4           ;
;                            ;             ;
; Average used               ; 1.00        ;
; Maximum used               ; 4           ;
;                            ;             ;
; Usage by Processor         ; % Time Used ;
;     Processor 1            ; 100.0%      ;
;     Processor 2            ;   0.0%      ;
;     Processors 3-4         ;   0.0%      ;
+----------------------------+-------------+


+------------------------------------------------------------------------------------------------------------------------------------------------------------------------------------+
; Analysis & Synthesis Source Files Read                                                                                                                                             ;
+----------------------------------+-----------------+------------------------------+--------------------------------------------------------------------------------------+---------+
; File Name with User-Entered Path ; Used in Netlist ; File Type                    ; File Name with Absolute Path                                                         ; Library ;
+----------------------------------+-----------------+------------------------------+--------------------------------------------------------------------------------------+---------+
; Clock_Top.v                      ; yes             ; User Verilog HDL File        ; /home/justin/GitRepos/DE10-Lite-Projects/24HrClock/Clock_Top.v                       ;         ;
; Cores/Debounce.v                 ; yes             ; User Verilog HDL File        ; /home/justin/GitRepos/DE10-Lite-Projects/24HrClock/Cores/Debounce.v                  ;         ;
; Cores/ClockDivide.v              ; yes             ; User Verilog HDL File        ; /home/justin/GitRepos/DE10-Lite-Projects/24HrClock/Cores/ClockDivide.v               ;         ;
; Cores/bcd7seg.v                  ; yes             ; User Verilog HDL File        ; /home/justin/GitRepos/DE10-Lite-Projects/24HrClock/Cores/bcd7seg.v                   ;         ;
; lpm_divide.tdf                   ; yes             ; Megafunction                 ; /home/justin/intelFPGA_lite/20.1/quartus/libraries/megafunctions/lpm_divide.tdf      ;         ;
; abs_divider.inc                  ; yes             ; Megafunction                 ; /home/justin/intelFPGA_lite/20.1/quartus/libraries/megafunctions/abs_divider.inc     ;         ;
; sign_div_unsign.inc              ; yes             ; Megafunction                 ; /home/justin/intelFPGA_lite/20.1/quartus/libraries/megafunctions/sign_div_unsign.inc ;         ;
; aglobal201.inc                   ; yes             ; Megafunction                 ; /home/justin/intelFPGA_lite/20.1/quartus/libraries/megafunctions/aglobal201.inc      ;         ;
; db/lpm_divide_akl.tdf            ; yes             ; Auto-Generated Megafunction  ; /home/justin/GitRepos/DE10-Lite-Projects/24HrClock/db/lpm_divide_akl.tdf             ;         ;
; db/sign_div_unsign_9kh.tdf       ; yes             ; Auto-Generated Megafunction  ; /home/justin/GitRepos/DE10-Lite-Projects/24HrClock/db/sign_div_unsign_9kh.tdf        ;         ;
; db/alt_u_div_see.tdf             ; yes             ; Auto-Generated Megafunction  ; /home/justin/GitRepos/DE10-Lite-Projects/24HrClock/db/alt_u_div_see.tdf              ;         ;
; db/add_sub_t3c.tdf               ; yes             ; Auto-Generated Megafunction  ; /home/justin/GitRepos/DE10-Lite-Projects/24HrClock/db/add_sub_t3c.tdf                ;         ;
; db/add_sub_u3c.tdf               ; yes             ; Auto-Generated Megafunction  ; /home/justin/GitRepos/DE10-Lite-Projects/24HrClock/db/add_sub_u3c.tdf                ;         ;
; db/lpm_divide_7sl.tdf            ; yes             ; Auto-Generated Megafunction  ; /home/justin/GitRepos/DE10-Lite-Projects/24HrClock/db/lpm_divide_7sl.tdf             ;         ;
; db/lpm_divide_9kl.tdf            ; yes             ; Auto-Generated Megafunction  ; /home/justin/GitRepos/DE10-Lite-Projects/24HrClock/db/lpm_divide_9kl.tdf             ;         ;
; db/sign_div_unsign_8kh.tdf       ; yes             ; Auto-Generated Megafunction  ; /home/justin/GitRepos/DE10-Lite-Projects/24HrClock/db/sign_div_unsign_8kh.tdf        ;         ;
; db/alt_u_div_qee.tdf             ; yes             ; Auto-Generated Megafunction  ; /home/justin/GitRepos/DE10-Lite-Projects/24HrClock/db/alt_u_div_qee.tdf              ;         ;
; db/lpm_divide_6sl.tdf            ; yes             ; Auto-Generated Megafunction  ; /home/justin/GitRepos/DE10-Lite-Projects/24HrClock/db/lpm_divide_6sl.tdf             ;         ;
; db/lpm_divide_dkl.tdf            ; yes             ; Auto-Generated Megafunction  ; /home/justin/GitRepos/DE10-Lite-Projects/24HrClock/db/lpm_divide_dkl.tdf             ;         ;
; db/sign_div_unsign_ckh.tdf       ; yes             ; Auto-Generated Megafunction  ; /home/justin/GitRepos/DE10-Lite-Projects/24HrClock/db/sign_div_unsign_ckh.tdf        ;         ;
; db/alt_u_div_2fe.tdf             ; yes             ; Auto-Generated Megafunction  ; /home/justin/GitRepos/DE10-Lite-Projects/24HrClock/db/alt_u_div_2fe.tdf              ;         ;
; db/lpm_divide_bkl.tdf            ; yes             ; Auto-Generated Megafunction  ; /home/justin/GitRepos/DE10-Lite-Projects/24HrClock/db/lpm_divide_bkl.tdf             ;         ;
; db/sign_div_unsign_akh.tdf       ; yes             ; Auto-Generated Megafunction  ; /home/justin/GitRepos/DE10-Lite-Projects/24HrClock/db/sign_div_unsign_akh.tdf        ;         ;
; db/alt_u_div_uee.tdf             ; yes             ; Auto-Generated Megafunction  ; /home/justin/GitRepos/DE10-Lite-Projects/24HrClock/db/alt_u_div_uee.tdf              ;         ;
+----------------------------------+-----------------+------------------------------+--------------------------------------------------------------------------------------+---------+


+-------------------------------------------------------------------+
; Analysis & Synthesis Resource Usage Summary                       ;
+---------------------------------------------+---------------------+
; Resource                                    ; Usage               ;
+---------------------------------------------+---------------------+
; Estimated Total logic elements              ; 552                 ;
;                                             ;                     ;
; Total combinational functions               ; 514                 ;
; Logic element usage by number of LUT inputs ;                     ;
;     -- 4 input functions                    ; 182                 ;
;     -- 3 input functions                    ; 99                  ;
;     -- <=2 input functions                  ; 233                 ;
;                                             ;                     ;
; Logic elements by mode                      ;                     ;
;     -- normal mode                          ; 362                 ;
;     -- arithmetic mode                      ; 152                 ;
;                                             ;                     ;
; Total registers                             ; 138                 ;
;     -- Dedicated logic registers            ; 138                 ;
;     -- I/O registers                        ; 0                   ;
;                                             ;                     ;
; I/O pins                                    ; 71                  ;
;                                             ;                     ;
; Embedded Multiplier 9-bit elements          ; 0                   ;
;                                             ;                     ;
; Maximum fan-out node                        ; MAX10_CLK1_50~input ;
; Maximum fan-out                             ; 138                 ;
; Total fan-out                               ; 1954                ;
; Average fan-out                             ; 2.46                ;
+---------------------------------------------+---------------------+


+-----------------------------------------------------------------------------------------------------------------------------------------------------------------------------------------------------------------------------------------------------------------------------------------------------------------------------------------------+
; Analysis & Synthesis Resource Utilization by Entity                                                                                                                                                                                                                                                                                           ;
+----------------------------------------+---------------------+---------------------------+-------------+------------+--------------+---------+-----------+------+--------------+------------+------------------------------------------------------------------------------------------------------------+---------------------+--------------+
; Compilation Hierarchy Node             ; Combinational ALUTs ; Dedicated Logic Registers ; Memory Bits ; UFM Blocks ; DSP Elements ; DSP 9x9 ; DSP 18x18 ; Pins ; Virtual Pins ; ADC blocks ; Full Hierarchy Name                                                                                        ; Entity Name         ; Library Name ;
+----------------------------------------+---------------------+---------------------------+-------------+------------+--------------+---------+-----------+------+--------------+------------+------------------------------------------------------------------------------------------------------------+---------------------+--------------+
; |Clock_Top                             ; 514 (95)            ; 138 (25)                  ; 0           ; 0          ; 0            ; 0       ; 0         ; 71   ; 0            ; 0          ; |Clock_Top                                                                                                 ; Clock_Top           ; work         ;
;    |ClockDivide:CD0|                   ; 76 (76)             ; 33 (33)                   ; 0           ; 0          ; 0            ; 0       ; 0         ; 0    ; 0            ; 0          ; |Clock_Top|ClockDivide:CD0                                                                                 ; ClockDivide         ; work         ;
;    |Debounce:D0|                       ; 35 (35)             ; 28 (28)                   ; 0           ; 0          ; 0            ; 0       ; 0         ; 0    ; 0            ; 0          ; |Clock_Top|Debounce:D0                                                                                     ; Debounce            ; work         ;
;    |Debounce:D1|                       ; 37 (37)             ; 52 (52)                   ; 0           ; 0          ; 0            ; 0       ; 0         ; 0    ; 0            ; 0          ; |Clock_Top|Debounce:D1                                                                                     ; Debounce            ; work         ;
;    |bcd7seg:seg0|                      ; 7 (7)               ; 0 (0)                     ; 0           ; 0          ; 0            ; 0       ; 0         ; 0    ; 0            ; 0          ; |Clock_Top|bcd7seg:seg0                                                                                    ; bcd7seg             ; work         ;
;    |bcd7seg:seg1|                      ; 7 (7)               ; 0 (0)                     ; 0           ; 0          ; 0            ; 0       ; 0         ; 0    ; 0            ; 0          ; |Clock_Top|bcd7seg:seg1                                                                                    ; bcd7seg             ; work         ;
;    |bcd7seg:seg2|                      ; 7 (7)               ; 0 (0)                     ; 0           ; 0          ; 0            ; 0       ; 0         ; 0    ; 0            ; 0          ; |Clock_Top|bcd7seg:seg2                                                                                    ; bcd7seg             ; work         ;
;    |bcd7seg:seg3|                      ; 7 (7)               ; 0 (0)                     ; 0           ; 0          ; 0            ; 0       ; 0         ; 0    ; 0            ; 0          ; |Clock_Top|bcd7seg:seg3                                                                                    ; bcd7seg             ; work         ;
;    |bcd7seg:seg4|                      ; 7 (7)               ; 0 (0)                     ; 0           ; 0          ; 0            ; 0       ; 0         ; 0    ; 0            ; 0          ; |Clock_Top|bcd7seg:seg4                                                                                    ; bcd7seg             ; work         ;
;    |bcd7seg:seg5|                      ; 5 (5)               ; 0 (0)                     ; 0           ; 0          ; 0            ; 0       ; 0         ; 0    ; 0            ; 0          ; |Clock_Top|bcd7seg:seg5                                                                                    ; bcd7seg             ; work         ;
;    |lpm_divide:Div0|                   ; 17 (0)              ; 0 (0)                     ; 0           ; 0          ; 0            ; 0       ; 0         ; 0    ; 0            ; 0          ; |Clock_Top|lpm_divide:Div0                                                                                 ; lpm_divide          ; work         ;
;       |lpm_divide_6sl:auto_generated|  ; 17 (0)              ; 0 (0)                     ; 0           ; 0          ; 0            ; 0       ; 0         ; 0    ; 0            ; 0          ; |Clock_Top|lpm_divide:Div0|lpm_divide_6sl:auto_generated                                                   ; lpm_divide_6sl      ; work         ;
;          |sign_div_unsign_8kh:divider| ; 17 (0)              ; 0 (0)                     ; 0           ; 0          ; 0            ; 0       ; 0         ; 0    ; 0            ; 0          ; |Clock_Top|lpm_divide:Div0|lpm_divide_6sl:auto_generated|sign_div_unsign_8kh:divider                       ; sign_div_unsign_8kh ; work         ;
;             |alt_u_div_qee:divider|    ; 17 (17)             ; 0 (0)                     ; 0           ; 0          ; 0            ; 0       ; 0         ; 0    ; 0            ; 0          ; |Clock_Top|lpm_divide:Div0|lpm_divide_6sl:auto_generated|sign_div_unsign_8kh:divider|alt_u_div_qee:divider ; alt_u_div_qee       ; work         ;
;    |lpm_divide:Div1|                   ; 30 (0)              ; 0 (0)                     ; 0           ; 0          ; 0            ; 0       ; 0         ; 0    ; 0            ; 0          ; |Clock_Top|lpm_divide:Div1                                                                                 ; lpm_divide          ; work         ;
;       |lpm_divide_7sl:auto_generated|  ; 30 (0)              ; 0 (0)                     ; 0           ; 0          ; 0            ; 0       ; 0         ; 0    ; 0            ; 0          ; |Clock_Top|lpm_divide:Div1|lpm_divide_7sl:auto_generated                                                   ; lpm_divide_7sl      ; work         ;
;          |sign_div_unsign_9kh:divider| ; 30 (0)              ; 0 (0)                     ; 0           ; 0          ; 0            ; 0       ; 0         ; 0    ; 0            ; 0          ; |Clock_Top|lpm_divide:Div1|lpm_divide_7sl:auto_generated|sign_div_unsign_9kh:divider                       ; sign_div_unsign_9kh ; work         ;
;             |alt_u_div_see:divider|    ; 30 (30)             ; 0 (0)                     ; 0           ; 0          ; 0            ; 0       ; 0         ; 0    ; 0            ; 0          ; |Clock_Top|lpm_divide:Div1|lpm_divide_7sl:auto_generated|sign_div_unsign_9kh:divider|alt_u_div_see:divider ; alt_u_div_see       ; work         ;
;    |lpm_divide:Div2|                   ; 30 (0)              ; 0 (0)                     ; 0           ; 0          ; 0            ; 0       ; 0         ; 0    ; 0            ; 0          ; |Clock_Top|lpm_divide:Div2                                                                                 ; lpm_divide          ; work         ;
;       |lpm_divide_7sl:auto_generated|  ; 30 (0)              ; 0 (0)                     ; 0           ; 0          ; 0            ; 0       ; 0         ; 0    ; 0            ; 0          ; |Clock_Top|lpm_divide:Div2|lpm_divide_7sl:auto_generated                                                   ; lpm_divide_7sl      ; work         ;
;          |sign_div_unsign_9kh:divider| ; 30 (0)              ; 0 (0)                     ; 0           ; 0          ; 0            ; 0       ; 0         ; 0    ; 0            ; 0          ; |Clock_Top|lpm_divide:Div2|lpm_divide_7sl:auto_generated|sign_div_unsign_9kh:divider                       ; sign_div_unsign_9kh ; work         ;
;             |alt_u_div_see:divider|    ; 30 (30)             ; 0 (0)                     ; 0           ; 0          ; 0            ; 0       ; 0         ; 0    ; 0            ; 0          ; |Clock_Top|lpm_divide:Div2|lpm_divide_7sl:auto_generated|sign_div_unsign_9kh:divider|alt_u_div_see:divider ; alt_u_div_see       ; work         ;
;    |lpm_divide:Mod0|                   ; 17 (0)              ; 0 (0)                     ; 0           ; 0          ; 0            ; 0       ; 0         ; 0    ; 0            ; 0          ; |Clock_Top|lpm_divide:Mod0                                                                                 ; lpm_divide          ; work         ;
;       |lpm_divide_9kl:auto_generated|  ; 17 (0)              ; 0 (0)                     ; 0           ; 0          ; 0            ; 0       ; 0         ; 0    ; 0            ; 0          ; |Clock_Top|lpm_divide:Mod0|lpm_divide_9kl:auto_generated                                                   ; lpm_divide_9kl      ; work         ;
;          |sign_div_unsign_8kh:divider| ; 17 (0)              ; 0 (0)                     ; 0           ; 0          ; 0            ; 0       ; 0         ; 0    ; 0            ; 0          ; |Clock_Top|lpm_divide:Mod0|lpm_divide_9kl:auto_generated|sign_div_unsign_8kh:divider                       ; sign_div_unsign_8kh ; work         ;
;             |alt_u_div_qee:divider|    ; 17 (17)             ; 0 (0)                     ; 0           ; 0          ; 0            ; 0       ; 0         ; 0    ; 0            ; 0          ; |Clock_Top|lpm_divide:Mod0|lpm_divide_9kl:auto_generated|sign_div_unsign_8kh:divider|alt_u_div_qee:divider ; alt_u_div_qee       ; work         ;
;    |lpm_divide:Mod1|                   ; 30 (0)              ; 0 (0)                     ; 0           ; 0          ; 0            ; 0       ; 0         ; 0    ; 0            ; 0          ; |Clock_Top|lpm_divide:Mod1                                                                                 ; lpm_divide          ; work         ;
;       |lpm_divide_akl:auto_generated|  ; 30 (0)              ; 0 (0)                     ; 0           ; 0          ; 0            ; 0       ; 0         ; 0    ; 0            ; 0          ; |Clock_Top|lpm_divide:Mod1|lpm_divide_akl:auto_generated                                                   ; lpm_divide_akl      ; work         ;
;          |sign_div_unsign_9kh:divider| ; 30 (0)              ; 0 (0)                     ; 0           ; 0          ; 0            ; 0       ; 0         ; 0    ; 0            ; 0          ; |Clock_Top|lpm_divide:Mod1|lpm_divide_akl:auto_generated|sign_div_unsign_9kh:divider                       ; sign_div_unsign_9kh ; work         ;
;             |alt_u_div_see:divider|    ; 30 (30)             ; 0 (0)                     ; 0           ; 0          ; 0            ; 0       ; 0         ; 0    ; 0            ; 0          ; |Clock_Top|lpm_divide:Mod1|lpm_divide_akl:auto_generated|sign_div_unsign_9kh:divider|alt_u_div_see:divider ; alt_u_div_see       ; work         ;
;    |lpm_divide:Mod2|                   ; 30 (0)              ; 0 (0)                     ; 0           ; 0          ; 0            ; 0       ; 0         ; 0    ; 0            ; 0          ; |Clock_Top|lpm_divide:Mod2                                                                                 ; lpm_divide          ; work         ;
;       |lpm_divide_akl:auto_generated|  ; 30 (0)              ; 0 (0)                     ; 0           ; 0          ; 0            ; 0       ; 0         ; 0    ; 0            ; 0          ; |Clock_Top|lpm_divide:Mod2|lpm_divide_akl:auto_generated                                                   ; lpm_divide_akl      ; work         ;
;          |sign_div_unsign_9kh:divider| ; 30 (0)              ; 0 (0)                     ; 0           ; 0          ; 0            ; 0       ; 0         ; 0    ; 0            ; 0          ; |Clock_Top|lpm_divide:Mod2|lpm_divide_akl:auto_generated|sign_div_unsign_9kh:divider                       ; sign_div_unsign_9kh ; work         ;
;             |alt_u_div_see:divider|    ; 30 (30)             ; 0 (0)                     ; 0           ; 0          ; 0            ; 0       ; 0         ; 0    ; 0            ; 0          ; |Clock_Top|lpm_divide:Mod2|lpm_divide_akl:auto_generated|sign_div_unsign_9kh:divider|alt_u_div_see:divider ; alt_u_div_see       ; work         ;
;    |lpm_divide:Mod3|                   ; 23 (0)              ; 0 (0)                     ; 0           ; 0          ; 0            ; 0       ; 0         ; 0    ; 0            ; 0          ; |Clock_Top|lpm_divide:Mod3                                                                                 ; lpm_divide          ; work         ;
;       |lpm_divide_bkl:auto_generated|  ; 23 (0)              ; 0 (0)                     ; 0           ; 0          ; 0            ; 0       ; 0         ; 0    ; 0            ; 0          ; |Clock_Top|lpm_divide:Mod3|lpm_divide_bkl:auto_generated                                                   ; lpm_divide_bkl      ; work         ;
;          |sign_div_unsign_akh:divider| ; 23 (0)              ; 0 (0)                     ; 0           ; 0          ; 0            ; 0       ; 0         ; 0    ; 0            ; 0          ; |Clock_Top|lpm_divide:Mod3|lpm_divide_bkl:auto_generated|sign_div_unsign_akh:divider                       ; sign_div_unsign_akh ; work         ;
;             |alt_u_div_uee:divider|    ; 23 (23)             ; 0 (0)                     ; 0           ; 0          ; 0            ; 0       ; 0         ; 0    ; 0            ; 0          ; |Clock_Top|lpm_divide:Mod3|lpm_divide_bkl:auto_generated|sign_div_unsign_akh:divider|alt_u_div_uee:divider ; alt_u_div_uee       ; work         ;
;    |lpm_divide:Mod4|                   ; 27 (0)              ; 0 (0)                     ; 0           ; 0          ; 0            ; 0       ; 0         ; 0    ; 0            ; 0          ; |Clock_Top|lpm_divide:Mod4                                                                                 ; lpm_divide          ; work         ;
;       |lpm_divide_dkl:auto_generated|  ; 27 (0)              ; 0 (0)                     ; 0           ; 0          ; 0            ; 0       ; 0         ; 0    ; 0            ; 0          ; |Clock_Top|lpm_divide:Mod4|lpm_divide_dkl:auto_generated                                                   ; lpm_divide_dkl      ; work         ;
;          |sign_div_unsign_ckh:divider| ; 27 (0)              ; 0 (0)                     ; 0           ; 0          ; 0            ; 0       ; 0         ; 0    ; 0            ; 0          ; |Clock_Top|lpm_divide:Mod4|lpm_divide_dkl:auto_generated|sign_div_unsign_ckh:divider                       ; sign_div_unsign_ckh ; work         ;
;             |alt_u_div_2fe:divider|    ; 27 (27)             ; 0 (0)                     ; 0           ; 0          ; 0            ; 0       ; 0         ; 0    ; 0            ; 0          ; |Clock_Top|lpm_divide:Mod4|lpm_divide_dkl:auto_generated|sign_div_unsign_ckh:divider|alt_u_div_2fe:divider ; alt_u_div_2fe       ; work         ;
;    |lpm_divide:Mod5|                   ; 27 (0)              ; 0 (0)                     ; 0           ; 0          ; 0            ; 0       ; 0         ; 0    ; 0            ; 0          ; |Clock_Top|lpm_divide:Mod5                                                                                 ; lpm_divide          ; work         ;
;       |lpm_divide_dkl:auto_generated|  ; 27 (0)              ; 0 (0)                     ; 0           ; 0          ; 0            ; 0       ; 0         ; 0    ; 0            ; 0          ; |Clock_Top|lpm_divide:Mod5|lpm_divide_dkl:auto_generated                                                   ; lpm_divide_dkl      ; work         ;
;          |sign_div_unsign_ckh:divider| ; 27 (0)              ; 0 (0)                     ; 0           ; 0          ; 0            ; 0       ; 0         ; 0    ; 0            ; 0          ; |Clock_Top|lpm_divide:Mod5|lpm_divide_dkl:auto_generated|sign_div_unsign_ckh:divider                       ; sign_div_unsign_ckh ; work         ;
;             |alt_u_div_2fe:divider|    ; 27 (27)             ; 0 (0)                     ; 0           ; 0          ; 0            ; 0       ; 0         ; 0    ; 0            ; 0          ; |Clock_Top|lpm_divide:Mod5|lpm_divide_dkl:auto_generated|sign_div_unsign_ckh:divider|alt_u_div_2fe:divider ; alt_u_div_2fe       ; work         ;
+----------------------------------------+---------------------+---------------------------+-------------+------------+--------------+---------+-----------+------+--------------+------------+------------------------------------------------------------------------------------------------------------+---------------------+--------------+
Note: For table entries with two numbers listed, the numbers in parentheses indicate the number of resources of the given type used by the specific entity alone. The numbers listed outside of parentheses indicate the total resources of the given type used by the specific entity and all of its sub-entities in the hierarchy.


Encoding Type:  One-Hot
+-------------------------------------------------------------------------------------+
; State Machine - |Clock_Top|ClkState                                                 ;
+-----------------+-----------------+-----------------+----------------+--------------+
; Name            ; ClkState.SetSec ; ClkState.SetMin ; ClkState.SetHr ; ClkState.Run ;
+-----------------+-----------------+-----------------+----------------+--------------+
; ClkState.Run    ; 0               ; 0               ; 0              ; 0            ;
; ClkState.SetHr  ; 0               ; 0               ; 1              ; 1            ;
; ClkState.SetMin ; 0               ; 1               ; 0              ; 1            ;
; ClkState.SetSec ; 1               ; 0               ; 0              ; 1            ;
+-----------------+-----------------+-----------------+----------------+--------------+


+------------------------------------------------------------+
; Registers Removed During Synthesis                         ;
+---------------------------------------+--------------------+
; Register name                         ; Reason for Removal ;
+---------------------------------------+--------------------+
; ClkState~2                            ; Lost fanout        ;
; ClkState~3                            ; Lost fanout        ;
; Total Number of Removed Registers = 2 ;                    ;
+---------------------------------------+--------------------+


+------------------------------------------------------+
; General Register Statistics                          ;
+----------------------------------------------+-------+
; Statistic                                    ; Value ;
+----------------------------------------------+-------+
; Total registers                              ; 138   ;
; Number of registers using Synchronous Clear  ; 42    ;
; Number of registers using Synchronous Load   ; 0     ;
; Number of registers using Asynchronous Clear ; 0     ;
; Number of registers using Asynchronous Load  ; 0     ;
; Number of registers using Clock Enable       ; 73    ;
; Number of registers using Preset             ; 0     ;
+----------------------------------------------+-------+


+--------------------------------------------------+
; Inverted Register Statistics                     ;
+----------------------------------------+---------+
; Inverted Register                      ; Fan out ;
+----------------------------------------+---------+
; Debounce:D1|Stable                     ; 4       ;
; Debounce:D0|Stable                     ; 4       ;
; Total number of inverted registers = 2 ;         ;
+----------------------------------------+---------+


+--------------------------------------------------------------------------------------------------------------------------------------------------+
; Multiplexer Restructuring Statistics (Restructuring Performed)                                                                                   ;
+--------------------+-----------+---------------+----------------------+------------------------+------------+------------------------------------+
; Multiplexer Inputs ; Bus Width ; Baseline Area ; Area if Restructured ; Saving if Restructured ; Registered ; Example Multiplexer Output         ;
+--------------------+-----------+---------------+----------------------+------------------------+------------+------------------------------------+
; 3:1                ; 32 bits   ; 64 LEs        ; 32 LEs               ; 32 LEs                 ; Yes        ; |Clock_Top|ClockDivide:CD0|Cnt[28] ;
; 4:1                ; 21 bits   ; 42 LEs        ; 21 LEs               ; 21 LEs                 ; Yes        ; |Clock_Top|Debounce:D0|counter[5]  ;
; 4:1                ; 21 bits   ; 42 LEs        ; 21 LEs               ; 21 LEs                 ; Yes        ; |Clock_Top|Debounce:D1|counter[15] ;
; 6:1                ; 6 bits    ; 24 LEs        ; 12 LEs               ; 12 LEs                 ; Yes        ; |Clock_Top|Sec[5]                  ;
; 6:1                ; 6 bits    ; 24 LEs        ; 12 LEs               ; 12 LEs                 ; Yes        ; |Clock_Top|Min[5]                  ;
; 6:1                ; 5 bits    ; 20 LEs        ; 10 LEs               ; 10 LEs                 ; Yes        ; |Clock_Top|Hr[1]                   ;
+--------------------+-----------+---------------+----------------------+------------------------+------------+------------------------------------+


+---------------------------------------------------------------------------+
; Parameter Settings for User Entity Instance: Top-level Entity: |Clock_Top ;
+----------------+-------+--------------------------------------------------+
; Parameter Name ; Value ; Type                                             ;
+----------------+-------+--------------------------------------------------+
; Run            ; 0     ; Unsigned Binary                                  ;
; SetHr          ; 01    ; Unsigned Binary                                  ;
; SetMin         ; 10    ; Unsigned Binary                                  ;
; SetSec         ; 11    ; Unsigned Binary                                  ;
+----------------+-------+--------------------------------------------------+
Note: In order to hide this table in the UI and the text report file, please set the "Show Parameter Settings in Synthesis Report" option in "Analysis and Synthesis Settings -> More Settings" to "Off".


+--------------------------------------------------------------+
; Parameter Settings for User Entity Instance: ClockDivide:CD0 ;
+----------------+-------+-------------------------------------+
; Parameter Name ; Value ; Type                                ;
+----------------+-------+-------------------------------------+
; WIDTH          ; 32    ; Signed Integer                      ;
+----------------+-------+-------------------------------------+
Note: In order to hide this table in the UI and the text report file, please set the "Show Parameter Settings in Synthesis Report" option in "Analysis and Synthesis Settings -> More Settings" to "Off".


+----------------------------------------------------------+
; Parameter Settings for User Entity Instance: Debounce:D0 ;
+----------------+-------+---------------------------------+
; Parameter Name ; Value ; Type                            ;
+----------------+-------+---------------------------------+
; NIN            ; 2     ; Signed Integer                  ;
; NPause         ; 21    ; Signed Integer                  ;
+----------------+-------+---------------------------------+
Note: In order to hide this table in the UI and the text report file, please set the "Show Parameter Settings in Synthesis Report" option in "Analysis and Synthesis Settings -> More Settings" to "Off".


+----------------------------------------------------------+
; Parameter Settings for User Entity Instance: Debounce:D1 ;
+----------------+-------+---------------------------------+
; Parameter Name ; Value ; Type                            ;
+----------------+-------+---------------------------------+
; NIN            ; 10    ; Signed Integer                  ;
; NPause         ; 21    ; Signed Integer                  ;
+----------------+-------+---------------------------------+
Note: In order to hide this table in the UI and the text report file, please set the "Show Parameter Settings in Synthesis Report" option in "Analysis and Synthesis Settings -> More Settings" to "Off".


+------------------------------------------------------------------+
; Parameter Settings for Inferred Entity Instance: lpm_divide:Mod2 ;
+------------------------+----------------+------------------------+
; Parameter Name         ; Value          ; Type                   ;
+------------------------+----------------+------------------------+
; LPM_WIDTHN             ; 6              ; Untyped                ;
; LPM_WIDTHD             ; 4              ; Untyped                ;
; LPM_NREPRESENTATION    ; UNSIGNED       ; Untyped                ;
; LPM_DREPRESENTATION    ; UNSIGNED       ; Untyped                ;
; LPM_PIPELINE           ; 0              ; Untyped                ;
; LPM_REMAINDERPOSITIVE  ; TRUE           ; Untyped                ;
; MAXIMIZE_SPEED         ; 5              ; Untyped                ;
; CBXI_PARAMETER         ; lpm_divide_akl ; Untyped                ;
; CARRY_CHAIN            ; MANUAL         ; Untyped                ;
; OPTIMIZE_FOR_SPEED     ; 5              ; Untyped                ;
; AUTO_CARRY_CHAINS      ; ON             ; AUTO_CARRY             ;
; IGNORE_CARRY_BUFFERS   ; OFF            ; IGNORE_CARRY           ;
; AUTO_CASCADE_CHAINS    ; ON             ; AUTO_CASCADE           ;
; IGNORE_CASCADE_BUFFERS ; OFF            ; IGNORE_CASCADE         ;
+------------------------+----------------+------------------------+
Note: In order to hide this table in the UI and the text report file, please set the "Show Parameter Settings in Synthesis Report" option in "Analysis and Synthesis Settings -> More Settings" to "Off".


+------------------------------------------------------------------+
; Parameter Settings for Inferred Entity Instance: lpm_divide:Div2 ;
+------------------------+----------------+------------------------+
; Parameter Name         ; Value          ; Type                   ;
+------------------------+----------------+------------------------+
; LPM_WIDTHN             ; 6              ; Untyped                ;
; LPM_WIDTHD             ; 4              ; Untyped                ;
; LPM_NREPRESENTATION    ; UNSIGNED       ; Untyped                ;
; LPM_DREPRESENTATION    ; UNSIGNED       ; Untyped                ;
; LPM_PIPELINE           ; 0              ; Untyped                ;
; LPM_REMAINDERPOSITIVE  ; TRUE           ; Untyped                ;
; MAXIMIZE_SPEED         ; 5              ; Untyped                ;
; CBXI_PARAMETER         ; lpm_divide_7sl ; Untyped                ;
; CARRY_CHAIN            ; MANUAL         ; Untyped                ;
; OPTIMIZE_FOR_SPEED     ; 5              ; Untyped                ;
; AUTO_CARRY_CHAINS      ; ON             ; AUTO_CARRY             ;
; IGNORE_CARRY_BUFFERS   ; OFF            ; IGNORE_CARRY           ;
; AUTO_CASCADE_CHAINS    ; ON             ; AUTO_CASCADE           ;
; IGNORE_CASCADE_BUFFERS ; OFF            ; IGNORE_CASCADE         ;
+------------------------+----------------+------------------------+
Note: In order to hide this table in the UI and the text report file, please set the "Show Parameter Settings in Synthesis Report" option in "Analysis and Synthesis Settings -> More Settings" to "Off".


+------------------------------------------------------------------+
; Parameter Settings for Inferred Entity Instance: lpm_divide:Mod1 ;
+------------------------+----------------+------------------------+
; Parameter Name         ; Value          ; Type                   ;
+------------------------+----------------+------------------------+
; LPM_WIDTHN             ; 6              ; Untyped                ;
; LPM_WIDTHD             ; 4              ; Untyped                ;
; LPM_NREPRESENTATION    ; UNSIGNED       ; Untyped                ;
; LPM_DREPRESENTATION    ; UNSIGNED       ; Untyped                ;
; LPM_PIPELINE           ; 0              ; Untyped                ;
; LPM_REMAINDERPOSITIVE  ; TRUE           ; Untyped                ;
; MAXIMIZE_SPEED         ; 5              ; Untyped                ;
; CBXI_PARAMETER         ; lpm_divide_akl ; Untyped                ;
; CARRY_CHAIN            ; MANUAL         ; Untyped                ;
; OPTIMIZE_FOR_SPEED     ; 5              ; Untyped                ;
; AUTO_CARRY_CHAINS      ; ON             ; AUTO_CARRY             ;
; IGNORE_CARRY_BUFFERS   ; OFF            ; IGNORE_CARRY           ;
; AUTO_CASCADE_CHAINS    ; ON             ; AUTO_CASCADE           ;
; IGNORE_CASCADE_BUFFERS ; OFF            ; IGNORE_CASCADE         ;
+------------------------+----------------+------------------------+
Note: In order to hide this table in the UI and the text report file, please set the "Show Parameter Settings in Synthesis Report" option in "Analysis and Synthesis Settings -> More Settings" to "Off".


+------------------------------------------------------------------+
; Parameter Settings for Inferred Entity Instance: lpm_divide:Div1 ;
+------------------------+----------------+------------------------+
; Parameter Name         ; Value          ; Type                   ;
+------------------------+----------------+------------------------+
; LPM_WIDTHN             ; 6              ; Untyped                ;
; LPM_WIDTHD             ; 4              ; Untyped                ;
; LPM_NREPRESENTATION    ; UNSIGNED       ; Untyped                ;
; LPM_DREPRESENTATION    ; UNSIGNED       ; Untyped                ;
; LPM_PIPELINE           ; 0              ; Untyped                ;
; LPM_REMAINDERPOSITIVE  ; TRUE           ; Untyped                ;
; MAXIMIZE_SPEED         ; 5              ; Untyped                ;
; CBXI_PARAMETER         ; lpm_divide_7sl ; Untyped                ;
; CARRY_CHAIN            ; MANUAL         ; Untyped                ;
; OPTIMIZE_FOR_SPEED     ; 5              ; Untyped                ;
; AUTO_CARRY_CHAINS      ; ON             ; AUTO_CARRY             ;
; IGNORE_CARRY_BUFFERS   ; OFF            ; IGNORE_CARRY           ;
; AUTO_CASCADE_CHAINS    ; ON             ; AUTO_CASCADE           ;
; IGNORE_CASCADE_BUFFERS ; OFF            ; IGNORE_CASCADE         ;
+------------------------+----------------+------------------------+
Note: In order to hide this table in the UI and the text report file, please set the "Show Parameter Settings in Synthesis Report" option in "Analysis and Synthesis Settings -> More Settings" to "Off".


+------------------------------------------------------------------+
; Parameter Settings for Inferred Entity Instance: lpm_divide:Mod0 ;
+------------------------+----------------+------------------------+
; Parameter Name         ; Value          ; Type                   ;
+------------------------+----------------+------------------------+
; LPM_WIDTHN             ; 5              ; Untyped                ;
; LPM_WIDTHD             ; 4              ; Untyped                ;
; LPM_NREPRESENTATION    ; UNSIGNED       ; Untyped                ;
; LPM_DREPRESENTATION    ; UNSIGNED       ; Untyped                ;
; LPM_PIPELINE           ; 0              ; Untyped                ;
; LPM_REMAINDERPOSITIVE  ; TRUE           ; Untyped                ;
; MAXIMIZE_SPEED         ; 5              ; Untyped                ;
; CBXI_PARAMETER         ; lpm_divide_9kl ; Untyped                ;
; CARRY_CHAIN            ; MANUAL         ; Untyped                ;
; OPTIMIZE_FOR_SPEED     ; 5              ; Untyped                ;
; AUTO_CARRY_CHAINS      ; ON             ; AUTO_CARRY             ;
; IGNORE_CARRY_BUFFERS   ; OFF            ; IGNORE_CARRY           ;
; AUTO_CASCADE_CHAINS    ; ON             ; AUTO_CASCADE           ;
; IGNORE_CASCADE_BUFFERS ; OFF            ; IGNORE_CASCADE         ;
+------------------------+----------------+------------------------+
Note: In order to hide this table in the UI and the text report file, please set the "Show Parameter Settings in Synthesis Report" option in "Analysis and Synthesis Settings -> More Settings" to "Off".


+------------------------------------------------------------------+
; Parameter Settings for Inferred Entity Instance: lpm_divide:Div0 ;
+------------------------+----------------+------------------------+
; Parameter Name         ; Value          ; Type                   ;
+------------------------+----------------+------------------------+
; LPM_WIDTHN             ; 5              ; Untyped                ;
; LPM_WIDTHD             ; 4              ; Untyped                ;
; LPM_NREPRESENTATION    ; UNSIGNED       ; Untyped                ;
; LPM_DREPRESENTATION    ; UNSIGNED       ; Untyped                ;
; LPM_PIPELINE           ; 0              ; Untyped                ;
; LPM_REMAINDERPOSITIVE  ; TRUE           ; Untyped                ;
; MAXIMIZE_SPEED         ; 5              ; Untyped                ;
; CBXI_PARAMETER         ; lpm_divide_6sl ; Untyped                ;
; CARRY_CHAIN            ; MANUAL         ; Untyped                ;
; OPTIMIZE_FOR_SPEED     ; 5              ; Untyped                ;
; AUTO_CARRY_CHAINS      ; ON             ; AUTO_CARRY             ;
; IGNORE_CARRY_BUFFERS   ; OFF            ; IGNORE_CARRY           ;
; AUTO_CASCADE_CHAINS    ; ON             ; AUTO_CASCADE           ;
; IGNORE_CASCADE_BUFFERS ; OFF            ; IGNORE_CASCADE         ;
+------------------------+----------------+------------------------+
Note: In order to hide this table in the UI and the text report file, please set the "Show Parameter Settings in Synthesis Report" option in "Analysis and Synthesis Settings -> More Settings" to "Off".


+------------------------------------------------------------------+
; Parameter Settings for Inferred Entity Instance: lpm_divide:Mod5 ;
+------------------------+----------------+------------------------+
; Parameter Name         ; Value          ; Type                   ;
+------------------------+----------------+------------------------+
; LPM_WIDTHN             ; 7              ; Untyped                ;
; LPM_WIDTHD             ; 6              ; Untyped                ;
; LPM_NREPRESENTATION    ; UNSIGNED       ; Untyped                ;
; LPM_DREPRESENTATION    ; UNSIGNED       ; Untyped                ;
; LPM_PIPELINE           ; 0              ; Untyped                ;
; LPM_REMAINDERPOSITIVE  ; TRUE           ; Untyped                ;
; MAXIMIZE_SPEED         ; 5              ; Untyped                ;
; CBXI_PARAMETER         ; lpm_divide_dkl ; Untyped                ;
; CARRY_CHAIN            ; MANUAL         ; Untyped                ;
; OPTIMIZE_FOR_SPEED     ; 5              ; Untyped                ;
; AUTO_CARRY_CHAINS      ; ON             ; AUTO_CARRY             ;
; IGNORE_CARRY_BUFFERS   ; OFF            ; IGNORE_CARRY           ;
; AUTO_CASCADE_CHAINS    ; ON             ; AUTO_CASCADE           ;
; IGNORE_CASCADE_BUFFERS ; OFF            ; IGNORE_CASCADE         ;
+------------------------+----------------+------------------------+
Note: In order to hide this table in the UI and the text report file, please set the "Show Parameter Settings in Synthesis Report" option in "Analysis and Synthesis Settings -> More Settings" to "Off".


+------------------------------------------------------------------+
; Parameter Settings for Inferred Entity Instance: lpm_divide:Mod4 ;
+------------------------+----------------+------------------------+
; Parameter Name         ; Value          ; Type                   ;
+------------------------+----------------+------------------------+
; LPM_WIDTHN             ; 7              ; Untyped                ;
; LPM_WIDTHD             ; 6              ; Untyped                ;
; LPM_NREPRESENTATION    ; UNSIGNED       ; Untyped                ;
; LPM_DREPRESENTATION    ; UNSIGNED       ; Untyped                ;
; LPM_PIPELINE           ; 0              ; Untyped                ;
; LPM_REMAINDERPOSITIVE  ; TRUE           ; Untyped                ;
; MAXIMIZE_SPEED         ; 5              ; Untyped                ;
; CBXI_PARAMETER         ; lpm_divide_dkl ; Untyped                ;
; CARRY_CHAIN            ; MANUAL         ; Untyped                ;
; OPTIMIZE_FOR_SPEED     ; 5              ; Untyped                ;
; AUTO_CARRY_CHAINS      ; ON             ; AUTO_CARRY             ;
; IGNORE_CARRY_BUFFERS   ; OFF            ; IGNORE_CARRY           ;
; AUTO_CASCADE_CHAINS    ; ON             ; AUTO_CASCADE           ;
; IGNORE_CASCADE_BUFFERS ; OFF            ; IGNORE_CASCADE         ;
+------------------------+----------------+------------------------+
Note: In order to hide this table in the UI and the text report file, please set the "Show Parameter Settings in Synthesis Report" option in "Analysis and Synthesis Settings -> More Settings" to "Off".


+------------------------------------------------------------------+
; Parameter Settings for Inferred Entity Instance: lpm_divide:Mod3 ;
+------------------------+----------------+------------------------+
; Parameter Name         ; Value          ; Type                   ;
+------------------------+----------------+------------------------+
; LPM_WIDTHN             ; 6              ; Untyped                ;
; LPM_WIDTHD             ; 5              ; Untyped                ;
; LPM_NREPRESENTATION    ; UNSIGNED       ; Untyped                ;
; LPM_DREPRESENTATION    ; UNSIGNED       ; Untyped                ;
; LPM_PIPELINE           ; 0              ; Untyped                ;
; LPM_REMAINDERPOSITIVE  ; TRUE           ; Untyped                ;
; MAXIMIZE_SPEED         ; 5              ; Untyped                ;
; CBXI_PARAMETER         ; lpm_divide_bkl ; Untyped                ;
; CARRY_CHAIN            ; MANUAL         ; Untyped                ;
; OPTIMIZE_FOR_SPEED     ; 5              ; Untyped                ;
; AUTO_CARRY_CHAINS      ; ON             ; AUTO_CARRY             ;
; IGNORE_CARRY_BUFFERS   ; OFF            ; IGNORE_CARRY           ;
; AUTO_CASCADE_CHAINS    ; ON             ; AUTO_CASCADE           ;
; IGNORE_CASCADE_BUFFERS ; OFF            ; IGNORE_CASCADE         ;
+------------------------+----------------+------------------------+
Note: In order to hide this table in the UI and the text report file, please set the "Show Parameter Settings in Synthesis Report" option in "Analysis and Synthesis Settings -> More Settings" to "Off".


+---------------------------------------------------------------------------------------------------------------------------------------+
; Port Connectivity Checks: "Debounce:D1"                                                                                               ;
+--------+--------+----------+----------------------------------------------------------------------------------------------------------+
; Port   ; Type   ; Severity ; Details                                                                                                  ;
+--------+--------+----------+----------------------------------------------------------------------------------------------------------+
; Stable ; Output ; Warning  ; Declared by entity but not connected by instance. Logic that only feeds a dangling port will be removed. ;
+--------+--------+----------+----------------------------------------------------------------------------------------------------------+


+---------------------------------------------------------------------------------------------------------------------------------------+
; Port Connectivity Checks: "Debounce:D0"                                                                                               ;
+--------+--------+----------+----------------------------------------------------------------------------------------------------------+
; Port   ; Type   ; Severity ; Details                                                                                                  ;
+--------+--------+----------+----------------------------------------------------------------------------------------------------------+
; Stable ; Output ; Warning  ; Declared by entity but not connected by instance. Logic that only feeds a dangling port will be removed. ;
+--------+--------+----------+----------------------------------------------------------------------------------------------------------+


+--------------------------------------------------+
; Port Connectivity Checks: "ClockDivide:CD0"      ;
+----------------+-------+----------+--------------+
; Port           ; Type  ; Severity ; Details      ;
+----------------+-------+----------+--------------+
; Factor[23..19] ; Input ; Info     ; Stuck at VCC ;
; Factor[15..12] ; Input ; Info     ; Stuck at VCC ;
; Factor[31..26] ; Input ; Info     ; Stuck at GND ;
; Factor[11..8]  ; Input ; Info     ; Stuck at GND ;
; Factor[6..0]   ; Input ; Info     ; Stuck at GND ;
; Factor[25]     ; Input ; Info     ; Stuck at VCC ;
; Factor[24]     ; Input ; Info     ; Stuck at GND ;
; Factor[18]     ; Input ; Info     ; Stuck at GND ;
; Factor[17]     ; Input ; Info     ; Stuck at VCC ;
; Factor[16]     ; Input ; Info     ; Stuck at GND ;
; Factor[7]      ; Input ; Info     ; Stuck at VCC ;
+----------------+-------+----------+--------------+


+------------------------------------------+
; Port Connectivity Checks: "bcd7seg:seg5" ;
+------+-------+----------+----------------+
; Port ; Type  ; Severity ; Details        ;
+------+-------+----------+----------------+
; dot  ; Input ; Info     ; Stuck at GND   ;
+------+-------+----------+----------------+


+------------------------------------------+
; Port Connectivity Checks: "bcd7seg:seg3" ;
+------+-------+----------+----------------+
; Port ; Type  ; Severity ; Details        ;
+------+-------+----------+----------------+
; dot  ; Input ; Info     ; Stuck at GND   ;
+------+-------+----------+----------------+


+------------------------------------------+
; Port Connectivity Checks: "bcd7seg:seg1" ;
+------+-------+----------+----------------+
; Port ; Type  ; Severity ; Details        ;
+------+-------+----------+----------------+
; dot  ; Input ; Info     ; Stuck at GND   ;
+------+-------+----------+----------------+


+------------------------------------------+
; Port Connectivity Checks: "bcd7seg:seg0" ;
+------+-------+----------+----------------+
; Port ; Type  ; Severity ; Details        ;
+------+-------+----------+----------------+
; dot  ; Input ; Info     ; Stuck at GND   ;
+------+-------+----------+----------------+


+-----------------------------------------------------+
; Post-Synthesis Netlist Statistics for Top Partition ;
+-----------------------+-----------------------------+
; Type                  ; Count                       ;
+-----------------------+-----------------------------+
; boundary_port         ; 71                          ;
; cycloneiii_ff         ; 138                         ;
;     ENA               ; 31                          ;
;     ENA SCLR          ; 42                          ;
;     plain             ; 65                          ;
; cycloneiii_lcell_comb ; 523                         ;
;     arith             ; 152                         ;
;         2 data inputs ; 89                          ;
;         3 data inputs ; 63                          ;
;     normal            ; 371                         ;
;         0 data inputs ; 23                          ;
;         1 data inputs ; 17                          ;
;         2 data inputs ; 113                         ;
;         3 data inputs ; 36                          ;
;         4 data inputs ; 182                         ;
;                       ;                             ;
; Max LUT depth         ; 9.30                        ;
; Average LUT depth     ; 6.20                        ;
+-----------------------+-----------------------------+


+-------------------------------+
; Elapsed Time Per Partition    ;
+----------------+--------------+
; Partition Name ; Elapsed Time ;
+----------------+--------------+
; Top            ; 00:00:06     ;
+----------------+--------------+


+-------------------------------+
; Analysis & Synthesis Messages ;
+-------------------------------+
Info: *******************************************************************
Info: Running Quartus Prime Analysis & Synthesis
    Info: Version 20.1.0 Build 711 06/05/2020 SJ Lite Edition
    Info: Processing started: Tue Sep 22 20:18:16 2020
Info: Command: quartus_map --read_settings_files=on --write_settings_files=off Clock -c Clock_Top
Warning (18236): Number of processors has not been specified which may cause overloading on shared machines.  Set the global assignment NUM_PARALLEL_PROCESSORS in your QSF to an appropriate value for best performance.
Info (20030): Parallel compilation is enabled and will use 4 of the 4 processors detected
Info (12021): Found 1 design units, including 1 entities, in source file Clock_Top.v
    Info (12023): Found entity 1: Clock_Top File: /home/justin/GitRepos/DE10-Lite-Projects/24HrClock/Clock_Top.v Line: 1
Info (12021): Found 1 design units, including 1 entities, in source file Cores/Debounce.v
    Info (12023): Found entity 1: Debounce File: /home/justin/GitRepos/DE10-Lite-Projects/24HrClock/Cores/Debounce.v Line: 1
Info (12021): Found 1 design units, including 1 entities, in source file Cores/ClockDivide.v
    Info (12023): Found entity 1: ClockDivide File: /home/justin/GitRepos/DE10-Lite-Projects/24HrClock/Cores/ClockDivide.v Line: 1
Info (12021): Found 1 design units, including 1 entities, in source file Cores/bcd7seg.v
    Info (12023): Found entity 1: bcd7seg File: /home/justin/GitRepos/DE10-Lite-Projects/24HrClock/Cores/bcd7seg.v Line: 1
Info (12127): Elaborating entity "Clock_Top" for the top level hierarchy
Warning (10230): Verilog HDL assignment warning at Clock_Top.v(55): truncated value with size 32 to match size of target (4) File: /home/justin/GitRepos/DE10-Lite-Projects/24HrClock/Clock_Top.v Line: 55
Warning (10230): Verilog HDL assignment warning at Clock_Top.v(56): truncated value with size 32 to match size of target (4) File: /home/justin/GitRepos/DE10-Lite-Projects/24HrClock/Clock_Top.v Line: 56
Warning (10230): Verilog HDL assignment warning at Clock_Top.v(57): truncated value with size 32 to match size of target (4) File: /home/justin/GitRepos/DE10-Lite-Projects/24HrClock/Clock_Top.v Line: 57
Warning (10230): Verilog HDL assignment warning at Clock_Top.v(58): truncated value with size 32 to match size of target (4) File: /home/justin/GitRepos/DE10-Lite-Projects/24HrClock/Clock_Top.v Line: 58
Warning (10230): Verilog HDL assignment warning at Clock_Top.v(59): truncated value with size 32 to match size of target (4) File: /home/justin/GitRepos/DE10-Lite-Projects/24HrClock/Clock_Top.v Line: 59
Warning (10230): Verilog HDL assignment warning at Clock_Top.v(60): truncated value with size 32 to match size of target (4) File: /home/justin/GitRepos/DE10-Lite-Projects/24HrClock/Clock_Top.v Line: 60
Warning (10230): Verilog HDL assignment warning at Clock_Top.v(102): truncated value with size 32 to match size of target (5) File: /home/justin/GitRepos/DE10-Lite-Projects/24HrClock/Clock_Top.v Line: 102
Warning (10230): Verilog HDL assignment warning at Clock_Top.v(105): truncated value with size 32 to match size of target (6) File: /home/justin/GitRepos/DE10-Lite-Projects/24HrClock/Clock_Top.v Line: 105
Warning (10230): Verilog HDL assignment warning at Clock_Top.v(108): truncated value with size 32 to match size of target (6) File: /home/justin/GitRepos/DE10-Lite-Projects/24HrClock/Clock_Top.v Line: 108
Warning (10230): Verilog HDL assignment warning at Clock_Top.v(115): truncated value with size 32 to match size of target (5) File: /home/justin/GitRepos/DE10-Lite-Projects/24HrClock/Clock_Top.v Line: 115
Warning (10230): Verilog HDL assignment warning at Clock_Top.v(123): truncated value with size 32 to match size of target (6) File: /home/justin/GitRepos/DE10-Lite-Projects/24HrClock/Clock_Top.v Line: 123
Warning (10230): Verilog HDL assignment warning at Clock_Top.v(131): truncated value with size 32 to match size of target (6) File: /home/justin/GitRepos/DE10-Lite-Projects/24HrClock/Clock_Top.v Line: 131
Info (12128): Elaborating entity "bcd7seg" for hierarchy "bcd7seg:seg0" File: /home/justin/GitRepos/DE10-Lite-Projects/24HrClock/Clock_Top.v Line: 139
Info (12128): Elaborating entity "ClockDivide" for hierarchy "ClockDivide:CD0" File: /home/justin/GitRepos/DE10-Lite-Projects/24HrClock/Clock_Top.v Line: 175
Info (12128): Elaborating entity "Debounce" for hierarchy "Debounce:D0" File: /home/justin/GitRepos/DE10-Lite-Projects/24HrClock/Clock_Top.v Line: 180
Warning (10230): Verilog HDL assignment warning at Debounce.v(49): truncated value with size 32 to match size of target (21) File: /home/justin/GitRepos/DE10-Lite-Projects/24HrClock/Cores/Debounce.v Line: 49
Info (12128): Elaborating entity "Debounce" for hierarchy "Debounce:D1" File: /home/justin/GitRepos/DE10-Lite-Projects/24HrClock/Clock_Top.v Line: 185
Warning (10230): Verilog HDL assignment warning at Debounce.v(49): truncated value with size 32 to match size of target (21) File: /home/justin/GitRepos/DE10-Lite-Projects/24HrClock/Cores/Debounce.v Line: 49
Info (278001): Inferred 9 megafunctions from design logic
    Info (278004): Inferred divider/modulo megafunction ("lpm_divide") from the following logic: "Mod2" File: /home/justin/GitRepos/DE10-Lite-Projects/24HrClock/Clock_Top.v Line: 59
    Info (278004): Inferred divider/modulo megafunction ("lpm_divide") from the following logic: "Div2" File: /home/justin/GitRepos/DE10-Lite-Projects/24HrClock/Clock_Top.v Line: 60
    Info (278004): Inferred divider/modulo megafunction ("lpm_divide") from the following logic: "Mod1" File: /home/justin/GitRepos/DE10-Lite-Projects/24HrClock/Clock_Top.v Line: 57
    Info (278004): Inferred divider/modulo megafunction ("lpm_divide") from the following logic: "Div1" File: /home/justin/GitRepos/DE10-Lite-Projects/24HrClock/Clock_Top.v Line: 58
    Info (278004): Inferred divider/modulo megafunction ("lpm_divide") from the following logic: "Mod0" File: /home/justin/GitRepos/DE10-Lite-Projects/24HrClock/Clock_Top.v Line: 55
    Info (278004): Inferred divider/modulo megafunction ("lpm_divide") from the following logic: "Div0" File: /home/justin/GitRepos/DE10-Lite-Projects/24HrClock/Clock_Top.v Line: 56
    Info (278004): Inferred divider/modulo megafunction ("lpm_divide") from the following logic: "Mod5" File: /home/justin/GitRepos/DE10-Lite-Projects/24HrClock/Clock_Top.v Line: 131
    Info (278004): Inferred divider/modulo megafunction ("lpm_divide") from the following logic: "Mod4" File: /home/justin/GitRepos/DE10-Lite-Projects/24HrClock/Clock_Top.v Line: 123
    Info (278004): Inferred divider/modulo megafunction ("lpm_divide") from the following logic: "Mod3" File: /home/justin/GitRepos/DE10-Lite-Projects/24HrClock/Clock_Top.v Line: 115
Info (12130): Elaborated megafunction instantiation "lpm_divide:Mod2" File: /home/justin/GitRepos/DE10-Lite-Projects/24HrClock/Clock_Top.v Line: 59
Info (12133): Instantiated megafunction "lpm_divide:Mod2" with the following parameter: File: /home/justin/GitRepos/DE10-Lite-Projects/24HrClock/Clock_Top.v Line: 59
    Info (12134): Parameter "LPM_WIDTHN" = "6"
    Info (12134): Parameter "LPM_WIDTHD" = "4"
    Info (12134): Parameter "LPM_NREPRESENTATION" = "UNSIGNED"
    Info (12134): Parameter "LPM_DREPRESENTATION" = "UNSIGNED"
Info (12021): Found 1 design units, including 1 entities, in source file db/lpm_divide_akl.tdf
    Info (12023): Found entity 1: lpm_divide_akl File: /home/justin/GitRepos/DE10-Lite-Projects/24HrClock/db/lpm_divide_akl.tdf Line: 25
Info (12021): Found 1 design units, including 1 entities, in source file db/sign_div_unsign_9kh.tdf
    Info (12023): Found entity 1: sign_div_unsign_9kh File: /home/justin/GitRepos/DE10-Lite-Projects/24HrClock/db/sign_div_unsign_9kh.tdf Line: 25
Info (12021): Found 1 design units, including 1 entities, in source file db/alt_u_div_see.tdf
    Info (12023): Found entity 1: alt_u_div_see File: /home/justin/GitRepos/DE10-Lite-Projects/24HrClock/db/alt_u_div_see.tdf Line: 27
Info (12021): Found 1 design units, including 1 entities, in source file db/add_sub_t3c.tdf
    Info (12023): Found entity 1: add_sub_t3c File: /home/justin/GitRepos/DE10-Lite-Projects/24HrClock/db/add_sub_t3c.tdf Line: 23
Info (12021): Found 1 design units, including 1 entities, in source file db/add_sub_u3c.tdf
    Info (12023): Found entity 1: add_sub_u3c File: /home/justin/GitRepos/DE10-Lite-Projects/24HrClock/db/add_sub_u3c.tdf Line: 23
Info (12130): Elaborated megafunction instantiation "lpm_divide:Div2" File: /home/justin/GitRepos/DE10-Lite-Projects/24HrClock/Clock_Top.v Line: 60
Info (12133): Instantiated megafunction "lpm_divide:Div2" with the following parameter: File: /home/justin/GitRepos/DE10-Lite-Projects/24HrClock/Clock_Top.v Line: 60
    Info (12134): Parameter "LPM_WIDTHN" = "6"
    Info (12134): Parameter "LPM_WIDTHD" = "4"
    Info (12134): Parameter "LPM_NREPRESENTATION" = "UNSIGNED"
    Info (12134): Parameter "LPM_DREPRESENTATION" = "UNSIGNED"
Info (12021): Found 1 design units, including 1 entities, in source file db/lpm_divide_7sl.tdf
    Info (12023): Found entity 1: lpm_divide_7sl File: /home/justin/GitRepos/DE10-Lite-Projects/24HrClock/db/lpm_divide_7sl.tdf Line: 25
Info (12130): Elaborated megafunction instantiation "lpm_divide:Mod0" File: /home/justin/GitRepos/DE10-Lite-Projects/24HrClock/Clock_Top.v Line: 55
Info (12133): Instantiated megafunction "lpm_divide:Mod0" with the following parameter: File: /home/justin/GitRepos/DE10-Lite-Projects/24HrClock/Clock_Top.v Line: 55
    Info (12134): Parameter "LPM_WIDTHN" = "5"
    Info (12134): Parameter "LPM_WIDTHD" = "4"
    Info (12134): Parameter "LPM_NREPRESENTATION" = "UNSIGNED"
    Info (12134): Parameter "LPM_DREPRESENTATION" = "UNSIGNED"
Info (12021): Found 1 design units, including 1 entities, in source file db/lpm_divide_9kl.tdf
    Info (12023): Found entity 1: lpm_divide_9kl File: /home/justin/GitRepos/DE10-Lite-Projects/24HrClock/db/lpm_divide_9kl.tdf Line: 25
Info (12021): Found 1 design units, including 1 entities, in source file db/sign_div_unsign_8kh.tdf
    Info (12023): Found entity 1: sign_div_unsign_8kh File: /home/justin/GitRepos/DE10-Lite-Projects/24HrClock/db/sign_div_unsign_8kh.tdf Line: 25
Info (12021): Found 1 design units, including 1 entities, in source file db/alt_u_div_qee.tdf
    Info (12023): Found entity 1: alt_u_div_qee File: /home/justin/GitRepos/DE10-Lite-Projects/24HrClock/db/alt_u_div_qee.tdf Line: 27
Info (12130): Elaborated megafunction instantiation "lpm_divide:Div0" File: /home/justin/GitRepos/DE10-Lite-Projects/24HrClock/Clock_Top.v Line: 56
Info (12133): Instantiated megafunction "lpm_divide:Div0" with the following parameter: File: /home/justin/GitRepos/DE10-Lite-Projects/24HrClock/Clock_Top.v Line: 56
    Info (12134): Parameter "LPM_WIDTHN" = "5"
    Info (12134): Parameter "LPM_WIDTHD" = "4"
    Info (12134): Parameter "LPM_NREPRESENTATION" = "UNSIGNED"
    Info (12134): Parameter "LPM_DREPRESENTATION" = "UNSIGNED"
Info (12021): Found 1 design units, including 1 entities, in source file db/lpm_divide_6sl.tdf
    Info (12023): Found entity 1: lpm_divide_6sl File: /home/justin/GitRepos/DE10-Lite-Projects/24HrClock/db/lpm_divide_6sl.tdf Line: 25
Info (12130): Elaborated megafunction instantiation "lpm_divide:Mod5" File: /home/justin/GitRepos/DE10-Lite-Projects/24HrClock/Clock_Top.v Line: 131
Info (12133): Instantiated megafunction "lpm_divide:Mod5" with the following parameter: File: /home/justin/GitRepos/DE10-Lite-Projects/24HrClock/Clock_Top.v Line: 131
    Info (12134): Parameter "LPM_WIDTHN" = "7"
    Info (12134): Parameter "LPM_WIDTHD" = "6"
    Info (12134): Parameter "LPM_NREPRESENTATION" = "UNSIGNED"
    Info (12134): Parameter "LPM_DREPRESENTATION" = "UNSIGNED"
Info (12021): Found 1 design units, including 1 entities, in source file db/lpm_divide_dkl.tdf
    Info (12023): Found entity 1: lpm_divide_dkl File: /home/justin/GitRepos/DE10-Lite-Projects/24HrClock/db/lpm_divide_dkl.tdf Line: 25
Info (12021): Found 1 design units, including 1 entities, in source file db/sign_div_unsign_ckh.tdf
    Info (12023): Found entity 1: sign_div_unsign_ckh File: /home/justin/GitRepos/DE10-Lite-Projects/24HrClock/db/sign_div_unsign_ckh.tdf Line: 25
Info (12021): Found 1 design units, including 1 entities, in source file db/alt_u_div_2fe.tdf
    Info (12023): Found entity 1: alt_u_div_2fe File: /home/justin/GitRepos/DE10-Lite-Projects/24HrClock/db/alt_u_div_2fe.tdf Line: 27
Info (12130): Elaborated megafunction instantiation "lpm_divide:Mod3" File: /home/justin/GitRepos/DE10-Lite-Projects/24HrClock/Clock_Top.v Line: 115
Info (12133): Instantiated megafunction "lpm_divide:Mod3" with the following parameter: File: /home/justin/GitRepos/DE10-Lite-Projects/24HrClock/Clock_Top.v Line: 115
    Info (12134): Parameter "LPM_WIDTHN" = "6"
    Info (12134): Parameter "LPM_WIDTHD" = "5"
    Info (12134): Parameter "LPM_NREPRESENTATION" = "UNSIGNED"
    Info (12134): Parameter "LPM_DREPRESENTATION" = "UNSIGNED"
Info (12021): Found 1 design units, including 1 entities, in source file db/lpm_divide_bkl.tdf
    Info (12023): Found entity 1: lpm_divide_bkl File: /home/justin/GitRepos/DE10-Lite-Projects/24HrClock/db/lpm_divide_bkl.tdf Line: 25
Info (12021): Found 1 design units, including 1 entities, in source file db/sign_div_unsign_akh.tdf
    Info (12023): Found entity 1: sign_div_unsign_akh File: /home/justin/GitRepos/DE10-Lite-Projects/24HrClock/db/sign_div_unsign_akh.tdf Line: 25
Info (12021): Found 1 design units, including 1 entities, in source file db/alt_u_div_uee.tdf
    Info (12023): Found entity 1: alt_u_div_uee File: /home/justin/GitRepos/DE10-Lite-Projects/24HrClock/db/alt_u_div_uee.tdf Line: 27
Warning (12241): 2 hierarchies have connectivity warnings - see the Connectivity Checks report folder
Warning (13024): Output pins are stuck at VCC or GND
    Warning (13410): Pin "HEX0[7]" is stuck at VCC File: /home/justin/GitRepos/DE10-Lite-Projects/24HrClock/Clock_Top.v Line: 3
    Warning (13410): Pin "HEX1[7]" is stuck at VCC File: /home/justin/GitRepos/DE10-Lite-Projects/24HrClock/Clock_Top.v Line: 4
    Warning (13410): Pin "HEX3[7]" is stuck at VCC File: /home/justin/GitRepos/DE10-Lite-Projects/24HrClock/Clock_Top.v Line: 6
    Warning (13410): Pin "HEX5[7]" is stuck at VCC File: /home/justin/GitRepos/DE10-Lite-Projects/24HrClock/Clock_Top.v Line: 8
Info (286030): Timing-Driven Synthesis is running
Info (17049): 2 registers lost all their fanouts during netlist optimizations.
Info (17016): Found the following redundant logic cells in design
    Info (17048): Logic cell "lpm_divide:Mod5|lpm_divide_dkl:auto_generated|sign_div_unsign_ckh:divider|alt_u_div_2fe:divider|add_sub_6_result_int[0]~0" File: /home/justin/GitRepos/DE10-Lite-Projects/24HrClock/db/alt_u_div_2fe.tdf Line: 57
    Info (17048): Logic cell "lpm_divide:Mod4|lpm_divide_dkl:auto_generated|sign_div_unsign_ckh:divider|alt_u_div_2fe:divider|add_sub_6_result_int[0]~0" File: /home/justin/GitRepos/DE10-Lite-Projects/24HrClock/db/alt_u_div_2fe.tdf Line: 57
    Info (17048): Logic cell "lpm_divide:Mod3|lpm_divide_bkl:auto_generated|sign_div_unsign_akh:divider|alt_u_div_uee:divider|add_sub_5_result_int[0]~0" File: /home/justin/GitRepos/DE10-Lite-Projects/24HrClock/db/alt_u_div_uee.tdf Line: 52
Info (16010): Generating hard_block partition "hard_block:auto_generated_inst"
    Info (16011): Adding 0 node(s), including 0 DDIO, 0 PLL, 0 transceiver and 0 LCELL
Info (21057): Implemented 624 device resources after synthesis - the final resource count might be different
    Info (21058): Implemented 13 input pins
    Info (21059): Implemented 58 output pins
    Info (21061): Implemented 553 logic cells
Info: Quartus Prime Analysis & Synthesis was successful. 0 errors, 21 warnings
    Info: Peak virtual memory: 438 megabytes
    Info: Processing ended: Tue Sep 22 20:18:41 2020
    Info: Elapsed time: 00:00:25
    Info: Total CPU time (on all processors): 00:00:22


